/home/collab/tests/cocohrip/src/install/checkers_game/lib/python3.12/site-packages/checkers_game/constants.py
/home/collab/tests/cocohrip/src/install/checkers_game/lib/python3.12/site-packages/checkers_game/checkers_node.py
/home/collab/tests/cocohrip/src/install/checkers_game/lib/python3.12/site-packages/checkers_game/desktop_game.py
/home/collab/tests/cocohrip/src/install/checkers_game/lib/python3.12/site-packages/checkers_game/__init__.py
/home/collab/tests/cocohrip/src/install/checkers_game/lib/python3.12/site-packages/checkers_game/camera/offline_grid_detect.py
/home/collab/tests/cocohrip/src/install/checkers_game/lib/python3.12/site-packages/checkers_game/camera/combo.py
/home/collab/tests/cocohrip/src/install/checkers_game/lib/python3.12/site-packages/checkers_game/camera/mark_ground_truth_corners.py
/home/collab/tests/cocohrip/src/install/checkers_game/lib/python3.12/site-packages/checkers_game/camera/ximea_camera.py
/home/collab/tests/cocohrip/src/install/checkers_game/lib/python3.12/site-packages/checkers_game/camera/offline_pipeline_check.py
/home/collab/tests/cocohrip/src/install/checkers_game/lib/python3.12/site-packages/checkers_game/camera/board_detection_1.py
/home/collab/tests/cocohrip/src/install/checkers_game/lib/python3.12/site-packages/checkers_game/camera/old_board_better.py
/home/collab/tests/cocohrip/src/install/checkers_game/lib/python3.12/site-packages/checkers_game/camera/calibrate_copy_thresholds_from_bd1.py
/home/collab/tests/cocohrip/src/install/checkers_game/lib/python3.12/site-packages/checkers_game/camera/grid_corner_detector.py
/home/collab/tests/cocohrip/src/install/checkers_game/lib/python3.12/site-packages/checkers_game/camera/evaluate_old_board_better_success.py
/home/collab/tests/cocohrip/src/install/checkers_game/lib/python3.12/site-packages/checkers_game/camera/board_detection_copy.py
/home/collab/tests/cocohrip/src/install/checkers_game/lib/python3.12/site-packages/checkers_game/camera/old_board_better copy.py
/home/collab/tests/cocohrip/src/install/checkers_game/lib/python3.12/site-packages/checkers_game/camera/offline_old_board_better.py
/home/collab/tests/cocohrip/src/install/checkers_game/lib/python3.12/site-packages/checkers_game/camera/evaluate_corner_accuracy.py
/home/collab/tests/cocohrip/src/install/checkers_game/lib/python3.12/site-packages/checkers_game/camera/board_detection.py
/home/collab/tests/cocohrip/src/install/checkers_game/lib/python3.12/site-packages/checkers_game/camera/offline_grid_detect_all_videos.py
/home/collab/tests/cocohrip/src/install/checkers_game/lib/python3.12/site-packages/checkers_game/camera/offline_compare_old_current.py
/home/collab/tests/cocohrip/src/install/checkers_game/lib/python3.12/site-packages/checkers_game/camera/__init__.py
/home/collab/tests/cocohrip/src/install/checkers_game/lib/python3.12/site-packages/checkers_game/camera/offline_compare_old_current_all_videos.py
/home/collab/tests/cocohrip/src/install/checkers_game/lib/python3.12/site-packages/checkers_game/minimax/tournament.py
/home/collab/tests/cocohrip/src/install/checkers_game/lib/python3.12/site-packages/checkers_game/minimax/train_alphazero.py
/home/collab/tests/cocohrip/src/install/checkers_game/lib/python3.12/site-packages/checkers_game/minimax/plot_tournament.py
/home/collab/tests/cocohrip/src/install/checkers_game/lib/python3.12/site-packages/checkers_game/minimax/alphazero_mcts.py
/home/collab/tests/cocohrip/src/install/checkers_game/lib/python3.12/site-packages/checkers_game/minimax/algorithm.py
/home/collab/tests/cocohrip/src/install/checkers_game/lib/python3.12/site-packages/checkers_game/minimax/rl_algorithm.py
/home/collab/tests/cocohrip/src/install/checkers_game/lib/python3.12/site-packages/checkers_game/minimax/rl_model.py
/home/collab/tests/cocohrip/src/install/checkers_game/lib/python3.12/site-packages/checkers_game/minimax/train_mixture.py
/home/collab/tests/cocohrip/src/install/checkers_game/lib/python3.12/site-packages/checkers_game/minimax/training.py
/home/collab/tests/cocohrip/src/install/checkers_game/lib/python3.12/site-packages/checkers_game/minimax/alphazero_model.py
/home/collab/tests/cocohrip/src/install/checkers_game/lib/python3.12/site-packages/checkers_game/minimax/eval_vs_minimax.py
/home/collab/tests/cocohrip/src/install/checkers_game/lib/python3.12/site-packages/checkers_game/minimax/__init__.py
/home/collab/tests/cocohrip/src/install/checkers_game/lib/python3.12/site-packages/checkers_game/checkers/board.py
/home/collab/tests/cocohrip/src/install/checkers_game/lib/python3.12/site-packages/checkers_game/checkers/piece.py
/home/collab/tests/cocohrip/src/install/checkers_game/lib/python3.12/site-packages/checkers_game/checkers/game.py
/home/collab/tests/cocohrip/src/install/checkers_game/lib/python3.12/site-packages/checkers_game/checkers/__init__.py
/home/collab/tests/cocohrip/src/install/checkers_game/lib/python3.12/site-packages/checkers_game/assets/crown.png
/home/collab/tests/cocohrip/src/install/checkers_game/lib/python3.12/site-packages/checkers_game/__pycache__/constants.cpython-312.pyc
/home/collab/tests/cocohrip/src/install/checkers_game/lib/python3.12/site-packages/checkers_game/__pycache__/checkers_node.cpython-312.pyc
/home/collab/tests/cocohrip/src/install/checkers_game/lib/python3.12/site-packages/checkers_game/__pycache__/desktop_game.cpython-312.pyc
/home/collab/tests/cocohrip/src/install/checkers_game/lib/python3.12/site-packages/checkers_game/__pycache__/__init__.cpython-312.pyc
/home/collab/tests/cocohrip/src/install/checkers_game/lib/python3.12/site-packages/checkers_game/camera/__pycache__/offline_grid_detect.cpython-312.pyc
/home/collab/tests/cocohrip/src/install/checkers_game/lib/python3.12/site-packages/checkers_game/camera/__pycache__/combo.cpython-312.pyc
/home/collab/tests/cocohrip/src/install/checkers_game/lib/python3.12/site-packages/checkers_game/camera/__pycache__/mark_ground_truth_corners.cpython-312.pyc
/home/collab/tests/cocohrip/src/install/checkers_game/lib/python3.12/site-packages/checkers_game/camera/__pycache__/ximea_camera.cpython-312.pyc
/home/collab/tests/cocohrip/src/install/checkers_game/lib/python3.12/site-packages/checkers_game/camera/__pycache__/offline_pipeline_check.cpython-312.pyc
/home/collab/tests/cocohrip/src/install/checkers_game/lib/python3.12/site-packages/checkers_game/camera/__pycache__/board_detection_1.cpython-312.pyc
/home/collab/tests/cocohrip/src/install/checkers_game/lib/python3.12/site-packages/checkers_game/camera/__pycache__/old_board_better.cpython-312.pyc
/home/collab/tests/cocohrip/src/install/checkers_game/lib/python3.12/site-packages/checkers_game/camera/__pycache__/calibrate_copy_thresholds_from_bd1.cpython-312.pyc
/home/collab/tests/cocohrip/src/install/checkers_game/lib/python3.12/site-packages/checkers_game/camera/__pycache__/grid_corner_detector.cpython-312.pyc
/home/collab/tests/cocohrip/src/install/checkers_game/lib/python3.12/site-packages/checkers_game/camera/__pycache__/evaluate_old_board_better_success.cpython-312.pyc
/home/collab/tests/cocohrip/src/install/checkers_game/lib/python3.12/site-packages/checkers_game/camera/__pycache__/board_detection_copy.cpython-312.pyc
/home/collab/tests/cocohrip/src/install/checkers_game/lib/python3.12/site-packages/checkers_game/camera/__pycache__/old_board_better copy.cpython-312.pyc
/home/collab/tests/cocohrip/src/install/checkers_game/lib/python3.12/site-packages/checkers_game/camera/__pycache__/offline_old_board_better.cpython-312.pyc
/home/collab/tests/cocohrip/src/install/checkers_game/lib/python3.12/site-packages/checkers_game/camera/__pycache__/evaluate_corner_accuracy.cpython-312.pyc
/home/collab/tests/cocohrip/src/install/checkers_game/lib/python3.12/site-packages/checkers_game/camera/__pycache__/board_detection.cpython-312.pyc
/home/collab/tests/cocohrip/src/install/checkers_game/lib/python3.12/site-packages/checkers_game/camera/__pycache__/offline_grid_detect_all_videos.cpython-312.pyc
/home/collab/tests/cocohrip/src/install/checkers_game/lib/python3.12/site-packages/checkers_game/camera/__pycache__/offline_compare_old_current.cpython-312.pyc
/home/collab/tests/cocohrip/src/install/checkers_game/lib/python3.12/site-packages/checkers_game/camera/__pycache__/__init__.cpython-312.pyc
/home/collab/tests/cocohrip/src/install/checkers_game/lib/python3.12/site-packages/checkers_game/camera/__pycache__/offline_compare_old_current_all_videos.cpython-312.pyc
/home/collab/tests/cocohrip/src/install/checkers_game/lib/python3.12/site-packages/checkers_game/minimax/__pycache__/tournament.cpython-312.pyc
/home/collab/tests/cocohrip/src/install/checkers_game/lib/python3.12/site-packages/checkers_game/minimax/__pycache__/train_alphazero.cpython-312.pyc
/home/collab/tests/cocohrip/src/install/checkers_game/lib/python3.12/site-packages/checkers_game/minimax/__pycache__/plot_tournament.cpython-312.pyc
/home/collab/tests/cocohrip/src/install/checkers_game/lib/python3.12/site-packages/checkers_game/minimax/__pycache__/alphazero_mcts.cpython-312.pyc
/home/collab/tests/cocohrip/src/install/checkers_game/lib/python3.12/site-packages/checkers_game/minimax/__pycache__/algorithm.cpython-312.pyc
/home/collab/tests/cocohrip/src/install/checkers_game/lib/python3.12/site-packages/checkers_game/minimax/__pycache__/rl_algorithm.cpython-312.pyc
/home/collab/tests/cocohrip/src/install/checkers_game/lib/python3.12/site-packages/checkers_game/minimax/__pycache__/rl_model.cpython-312.pyc
/home/collab/tests/cocohrip/src/install/checkers_game/lib/python3.12/site-packages/checkers_game/minimax/__pycache__/train_mixture.cpython-312.pyc
/home/collab/tests/cocohrip/src/install/checkers_game/lib/python3.12/site-packages/checkers_game/minimax/__pycache__/training.cpython-312.pyc
/home/collab/tests/cocohrip/src/install/checkers_game/lib/python3.12/site-packages/checkers_game/minimax/__pycache__/alphazero_model.cpython-312.pyc
/home/collab/tests/cocohrip/src/install/checkers_game/lib/python3.12/site-packages/checkers_game/minimax/__pycache__/eval_vs_minimax.cpython-312.pyc
/home/collab/tests/cocohrip/src/install/checkers_game/lib/python3.12/site-packages/checkers_game/minimax/__pycache__/__init__.cpython-312.pyc
/home/collab/tests/cocohrip/src/install/checkers_game/lib/python3.12/site-packages/checkers_game/checkers/__pycache__/board.cpython-312.pyc
/home/collab/tests/cocohrip/src/install/checkers_game/lib/python3.12/site-packages/checkers_game/checkers/__pycache__/piece.cpython-312.pyc
/home/collab/tests/cocohrip/src/install/checkers_game/lib/python3.12/site-packages/checkers_game/checkers/__pycache__/game.cpython-312.pyc
/home/collab/tests/cocohrip/src/install/checkers_game/lib/python3.12/site-packages/checkers_game/checkers/__pycache__/__init__.cpython-312.pyc
/home/collab/tests/cocohrip/src/install/checkers_game/share/ament_index/resource_index/packages/checkers_game
/home/collab/tests/cocohrip/src/install/checkers_game/share/checkers_game/package.xml
/home/collab/tests/cocohrip/src/install/checkers_game/share/checkers_game/launch/checkers_game_launch.launch.py
/home/collab/tests/cocohrip/src/install/checkers_game/lib/python3.12/site-packages/checkers_game-0.0.0-py3.12.egg-info/zip-safe
/home/collab/tests/cocohrip/src/install/checkers_game/lib/python3.12/site-packages/checkers_game-0.0.0-py3.12.egg-info/PKG-INFO
/home/collab/tests/cocohrip/src/install/checkers_game/lib/python3.12/site-packages/checkers_game-0.0.0-py3.12.egg-info/SOURCES.txt
/home/collab/tests/cocohrip/src/install/checkers_game/lib/python3.12/site-packages/checkers_game-0.0.0-py3.12.egg-info/entry_points.txt
/home/collab/tests/cocohrip/src/install/checkers_game/lib/python3.12/site-packages/checkers_game-0.0.0-py3.12.egg-info/requires.txt
/home/collab/tests/cocohrip/src/install/checkers_game/lib/python3.12/site-packages/checkers_game-0.0.0-py3.12.egg-info/dependency_links.txt
/home/collab/tests/cocohrip/src/install/checkers_game/lib/python3.12/site-packages/checkers_game-0.0.0-py3.12.egg-info/top_level.txt
/home/collab/tests/cocohrip/src/install/checkers_game/lib/checkers_game/checkers_node
