running egg_info
creating ../../build/checkers_game/checkers_game.egg-info
writing ../../build/checkers_game/checkers_game.egg-info/PKG-INFO
writing dependency_links to ../../build/checkers_game/checkers_game.egg-info/dependency_links.txt
writing entry points to ../../build/checkers_game/checkers_game.egg-info/entry_points.txt
writing requirements to ../../build/checkers_game/checkers_game.egg-info/requires.txt
writing top-level names to ../../build/checkers_game/checkers_game.egg-info/top_level.txt
writing manifest file '../../build/checkers_game/checkers_game.egg-info/SOURCES.txt'
reading manifest file '../../build/checkers_game/checkers_game.egg-info/SOURCES.txt'
writing manifest file '../../build/checkers_game/checkers_game.egg-info/SOURCES.txt'
running build
running build_py
creating /home/collab/tests/cocohrip/src/build/checkers_game/build
creating /home/collab/tests/cocohrip/src/build/checkers_game/build/lib
creating /home/collab/tests/cocohrip/src/build/checkers_game/build/lib/checkers_game
copying checkers_game/constants.py -> /home/collab/tests/cocohrip/src/build/checkers_game/build/lib/checkers_game
copying checkers_game/checkers_node.py -> /home/collab/tests/cocohrip/src/build/checkers_game/build/lib/checkers_game
copying checkers_game/desktop_game.py -> /home/collab/tests/cocohrip/src/build/checkers_game/build/lib/checkers_game
copying checkers_game/__init__.py -> /home/collab/tests/cocohrip/src/build/checkers_game/build/lib/checkers_game
creating /home/collab/tests/cocohrip/src/build/checkers_game/build/lib/checkers_game/camera
copying checkers_game/camera/offline_grid_detect.py -> /home/collab/tests/cocohrip/src/build/checkers_game/build/lib/checkers_game/camera
copying checkers_game/camera/combo.py -> /home/collab/tests/cocohrip/src/build/checkers_game/build/lib/checkers_game/camera
copying checkers_game/camera/mark_ground_truth_corners.py -> /home/collab/tests/cocohrip/src/build/checkers_game/build/lib/checkers_game/camera
copying checkers_game/camera/ximea_camera.py -> /home/collab/tests/cocohrip/src/build/checkers_game/build/lib/checkers_game/camera
copying checkers_game/camera/offline_pipeline_check.py -> /home/collab/tests/cocohrip/src/build/checkers_game/build/lib/checkers_game/camera
copying checkers_game/camera/board_detection_1.py -> /home/collab/tests/cocohrip/src/build/checkers_game/build/lib/checkers_game/camera
copying checkers_game/camera/old_board_better.py -> /home/collab/tests/cocohrip/src/build/checkers_game/build/lib/checkers_game/camera
copying checkers_game/camera/calibrate_copy_thresholds_from_bd1.py -> /home/collab/tests/cocohrip/src/build/checkers_game/build/lib/checkers_game/camera
copying checkers_game/camera/grid_corner_detector.py -> /home/collab/tests/cocohrip/src/build/checkers_game/build/lib/checkers_game/camera
copying checkers_game/camera/evaluate_old_board_better_success.py -> /home/collab/tests/cocohrip/src/build/checkers_game/build/lib/checkers_game/camera
copying checkers_game/camera/board_detection_copy.py -> /home/collab/tests/cocohrip/src/build/checkers_game/build/lib/checkers_game/camera
copying checkers_game/camera/old_board_better copy.py -> /home/collab/tests/cocohrip/src/build/checkers_game/build/lib/checkers_game/camera
copying checkers_game/camera/offline_old_board_better.py -> /home/collab/tests/cocohrip/src/build/checkers_game/build/lib/checkers_game/camera
copying checkers_game/camera/evaluate_corner_accuracy.py -> /home/collab/tests/cocohrip/src/build/checkers_game/build/lib/checkers_game/camera
copying checkers_game/camera/board_detection.py -> /home/collab/tests/cocohrip/src/build/checkers_game/build/lib/checkers_game/camera
copying checkers_game/camera/offline_grid_detect_all_videos.py -> /home/collab/tests/cocohrip/src/build/checkers_game/build/lib/checkers_game/camera
copying checkers_game/camera/offline_compare_old_current.py -> /home/collab/tests/cocohrip/src/build/checkers_game/build/lib/checkers_game/camera
copying checkers_game/camera/__init__.py -> /home/collab/tests/cocohrip/src/build/checkers_game/build/lib/checkers_game/camera
copying checkers_game/camera/offline_compare_old_current_all_videos.py -> /home/collab/tests/cocohrip/src/build/checkers_game/build/lib/checkers_game/camera
creating /home/collab/tests/cocohrip/src/build/checkers_game/build/lib/checkers_game/minimax
copying checkers_game/minimax/tournament.py -> /home/collab/tests/cocohrip/src/build/checkers_game/build/lib/checkers_game/minimax
copying checkers_game/minimax/train_alphazero.py -> /home/collab/tests/cocohrip/src/build/checkers_game/build/lib/checkers_game/minimax
copying checkers_game/minimax/plot_tournament.py -> /home/collab/tests/cocohrip/src/build/checkers_game/build/lib/checkers_game/minimax
copying checkers_game/minimax/alphazero_mcts.py -> /home/collab/tests/cocohrip/src/build/checkers_game/build/lib/checkers_game/minimax
copying checkers_game/minimax/algorithm.py -> /home/collab/tests/cocohrip/src/build/checkers_game/build/lib/checkers_game/minimax
copying checkers_game/minimax/rl_algorithm.py -> /home/collab/tests/cocohrip/src/build/checkers_game/build/lib/checkers_game/minimax
copying checkers_game/minimax/rl_model.py -> /home/collab/tests/cocohrip/src/build/checkers_game/build/lib/checkers_game/minimax
copying checkers_game/minimax/train_mixture.py -> /home/collab/tests/cocohrip/src/build/checkers_game/build/lib/checkers_game/minimax
copying checkers_game/minimax/training.py -> /home/collab/tests/cocohrip/src/build/checkers_game/build/lib/checkers_game/minimax
copying checkers_game/minimax/alphazero_model.py -> /home/collab/tests/cocohrip/src/build/checkers_game/build/lib/checkers_game/minimax
copying checkers_game/minimax/eval_vs_minimax.py -> /home/collab/tests/cocohrip/src/build/checkers_game/build/lib/checkers_game/minimax
copying checkers_game/minimax/__init__.py -> /home/collab/tests/cocohrip/src/build/checkers_game/build/lib/checkers_game/minimax
creating /home/collab/tests/cocohrip/src/build/checkers_game/build/lib/checkers_game/checkers
copying checkers_game/checkers/board.py -> /home/collab/tests/cocohrip/src/build/checkers_game/build/lib/checkers_game/checkers
copying checkers_game/checkers/piece.py -> /home/collab/tests/cocohrip/src/build/checkers_game/build/lib/checkers_game/checkers
copying checkers_game/checkers/game.py -> /home/collab/tests/cocohrip/src/build/checkers_game/build/lib/checkers_game/checkers
copying checkers_game/checkers/__init__.py -> /home/collab/tests/cocohrip/src/build/checkers_game/build/lib/checkers_game/checkers
creating /home/collab/tests/cocohrip/src/build/checkers_game/build/lib/checkers_game/assets
copying checkers_game/assets/crown.png -> /home/collab/tests/cocohrip/src/build/checkers_game/build/lib/checkers_game/assets
running install
running install_lib
creating /home/collab/tests/cocohrip/src/install/checkers_game/lib/python3.12/site-packages/checkers_game
creating /home/collab/tests/cocohrip/src/install/checkers_game/lib/python3.12/site-packages/checkers_game/camera
copying /home/collab/tests/cocohrip/src/build/checkers_game/build/lib/checkers_game/camera/offline_grid_detect.py -> /home/collab/tests/cocohrip/src/install/checkers_game/lib/python3.12/site-packages/checkers_game/camera
copying /home/collab/tests/cocohrip/src/build/checkers_game/build/lib/checkers_game/camera/combo.py -> /home/collab/tests/cocohrip/src/install/checkers_game/lib/python3.12/site-packages/checkers_game/camera
copying /home/collab/tests/cocohrip/src/build/checkers_game/build/lib/checkers_game/camera/mark_ground_truth_corners.py -> /home/collab/tests/cocohrip/src/install/checkers_game/lib/python3.12/site-packages/checkers_game/camera
copying /home/collab/tests/cocohrip/src/build/checkers_game/build/lib/checkers_game/camera/ximea_camera.py -> /home/collab/tests/cocohrip/src/install/checkers_game/lib/python3.12/site-packages/checkers_game/camera
copying /home/collab/tests/cocohrip/src/build/checkers_game/build/lib/checkers_game/camera/offline_pipeline_check.py -> /home/collab/tests/cocohrip/src/install/checkers_game/lib/python3.12/site-packages/checkers_game/camera
copying /home/collab/tests/cocohrip/src/build/checkers_game/build/lib/checkers_game/camera/board_detection_1.py -> /home/collab/tests/cocohrip/src/install/checkers_game/lib/python3.12/site-packages/checkers_game/camera
copying /home/collab/tests/cocohrip/src/build/checkers_game/build/lib/checkers_game/camera/old_board_better.py -> /home/collab/tests/cocohrip/src/install/checkers_game/lib/python3.12/site-packages/checkers_game/camera
copying /home/collab/tests/cocohrip/src/build/checkers_game/build/lib/checkers_game/camera/calibrate_copy_thresholds_from_bd1.py -> /home/collab/tests/cocohrip/src/install/checkers_game/lib/python3.12/site-packages/checkers_game/camera
copying /home/collab/tests/cocohrip/src/build/checkers_game/build/lib/checkers_game/camera/grid_corner_detector.py -> /home/collab/tests/cocohrip/src/install/checkers_game/lib/python3.12/site-packages/checkers_game/camera
copying /home/collab/tests/cocohrip/src/build/checkers_game/build/lib/checkers_game/camera/evaluate_old_board_better_success.py -> /home/collab/tests/cocohrip/src/install/checkers_game/lib/python3.12/site-packages/checkers_game/camera
copying /home/collab/tests/cocohrip/src/build/checkers_game/build/lib/checkers_game/camera/board_detection_copy.py -> /home/collab/tests/cocohrip/src/install/checkers_game/lib/python3.12/site-packages/checkers_game/camera
copying /home/collab/tests/cocohrip/src/build/checkers_game/build/lib/checkers_game/camera/old_board_better copy.py -> /home/collab/tests/cocohrip/src/install/checkers_game/lib/python3.12/site-packages/checkers_game/camera
copying /home/collab/tests/cocohrip/src/build/checkers_game/build/lib/checkers_game/camera/offline_old_board_better.py -> /home/collab/tests/cocohrip/src/install/checkers_game/lib/python3.12/site-packages/checkers_game/camera
copying /home/collab/tests/cocohrip/src/build/checkers_game/build/lib/checkers_game/camera/evaluate_corner_accuracy.py -> /home/collab/tests/cocohrip/src/install/checkers_game/lib/python3.12/site-packages/checkers_game/camera
copying /home/collab/tests/cocohrip/src/build/checkers_game/build/lib/checkers_game/camera/board_detection.py -> /home/collab/tests/cocohrip/src/install/checkers_game/lib/python3.12/site-packages/checkers_game/camera
copying /home/collab/tests/cocohrip/src/build/checkers_game/build/lib/checkers_game/camera/offline_grid_detect_all_videos.py -> /home/collab/tests/cocohrip/src/install/checkers_game/lib/python3.12/site-packages/checkers_game/camera
copying /home/collab/tests/cocohrip/src/build/checkers_game/build/lib/checkers_game/camera/offline_compare_old_current.py -> /home/collab/tests/cocohrip/src/install/checkers_game/lib/python3.12/site-packages/checkers_game/camera
copying /home/collab/tests/cocohrip/src/build/checkers_game/build/lib/checkers_game/camera/__init__.py -> /home/collab/tests/cocohrip/src/install/checkers_game/lib/python3.12/site-packages/checkers_game/camera
copying /home/collab/tests/cocohrip/src/build/checkers_game/build/lib/checkers_game/camera/offline_compare_old_current_all_videos.py -> /home/collab/tests/cocohrip/src/install/checkers_game/lib/python3.12/site-packages/checkers_game/camera
copying /home/collab/tests/cocohrip/src/build/checkers_game/build/lib/checkers_game/constants.py -> /home/collab/tests/cocohrip/src/install/checkers_game/lib/python3.12/site-packages/checkers_game
creating /home/collab/tests/cocohrip/src/install/checkers_game/lib/python3.12/site-packages/checkers_game/minimax
copying /home/collab/tests/cocohrip/src/build/checkers_game/build/lib/checkers_game/minimax/tournament.py -> /home/collab/tests/cocohrip/src/install/checkers_game/lib/python3.12/site-packages/checkers_game/minimax
copying /home/collab/tests/cocohrip/src/build/checkers_game/build/lib/checkers_game/minimax/train_alphazero.py -> /home/collab/tests/cocohrip/src/install/checkers_game/lib/python3.12/site-packages/checkers_game/minimax
copying /home/collab/tests/cocohrip/src/build/checkers_game/build/lib/checkers_game/minimax/plot_tournament.py -> /home/collab/tests/cocohrip/src/install/checkers_game/lib/python3.12/site-packages/checkers_game/minimax
copying /home/collab/tests/cocohrip/src/build/checkers_game/build/lib/checkers_game/minimax/alphazero_mcts.py -> /home/collab/tests/cocohrip/src/install/checkers_game/lib/python3.12/site-packages/checkers_game/minimax
copying /home/collab/tests/cocohrip/src/build/checkers_game/build/lib/checkers_game/minimax/algorithm.py -> /home/collab/tests/cocohrip/src/install/checkers_game/lib/python3.12/site-packages/checkers_game/minimax
copying /home/collab/tests/cocohrip/src/build/checkers_game/build/lib/checkers_game/minimax/rl_algorithm.py -> /home/collab/tests/cocohrip/src/install/checkers_game/lib/python3.12/site-packages/checkers_game/minimax
copying /home/collab/tests/cocohrip/src/build/checkers_game/build/lib/checkers_game/minimax/rl_model.py -> /home/collab/tests/cocohrip/src/install/checkers_game/lib/python3.12/site-packages/checkers_game/minimax
copying /home/collab/tests/cocohrip/src/build/checkers_game/build/lib/checkers_game/minimax/train_mixture.py -> /home/collab/tests/cocohrip/src/install/checkers_game/lib/python3.12/site-packages/checkers_game/minimax
copying /home/collab/tests/cocohrip/src/build/checkers_game/build/lib/checkers_game/minimax/training.py -> /home/collab/tests/cocohrip/src/install/checkers_game/lib/python3.12/site-packages/checkers_game/minimax
copying /home/collab/tests/cocohrip/src/build/checkers_game/build/lib/checkers_game/minimax/alphazero_model.py -> /home/collab/tests/cocohrip/src/install/checkers_game/lib/python3.12/site-packages/checkers_game/minimax
copying /home/collab/tests/cocohrip/src/build/checkers_game/build/lib/checkers_game/minimax/eval_vs_minimax.py -> /home/collab/tests/cocohrip/src/install/checkers_game/lib/python3.12/site-packages/checkers_game/minimax
copying /home/collab/tests/cocohrip/src/build/checkers_game/build/lib/checkers_game/minimax/__init__.py -> /home/collab/tests/cocohrip/src/install/checkers_game/lib/python3.12/site-packages/checkers_game/minimax
copying /home/collab/tests/cocohrip/src/build/checkers_game/build/lib/checkers_game/checkers_node.py -> /home/collab/tests/cocohrip/src/install/checkers_game/lib/python3.12/site-packages/checkers_game
creating /home/collab/tests/cocohrip/src/install/checkers_game/lib/python3.12/site-packages/checkers_game/checkers
copying /home/collab/tests/cocohrip/src/build/checkers_game/build/lib/checkers_game/checkers/board.py -> /home/collab/tests/cocohrip/src/install/checkers_game/lib/python3.12/site-packages/checkers_game/checkers
copying /home/collab/tests/cocohrip/src/build/checkers_game/build/lib/checkers_game/checkers/piece.py -> /home/collab/tests/cocohrip/src/install/checkers_game/lib/python3.12/site-packages/checkers_game/checkers
copying /home/collab/tests/cocohrip/src/build/checkers_game/build/lib/checkers_game/checkers/game.py -> /home/collab/tests/cocohrip/src/install/checkers_game/lib/python3.12/site-packages/checkers_game/checkers
copying /home/collab/tests/cocohrip/src/build/checkers_game/build/lib/checkers_game/checkers/__init__.py -> /home/collab/tests/cocohrip/src/install/checkers_game/lib/python3.12/site-packages/checkers_game/checkers
copying /home/collab/tests/cocohrip/src/build/checkers_game/build/lib/checkers_game/desktop_game.py -> /home/collab/tests/cocohrip/src/install/checkers_game/lib/python3.12/site-packages/checkers_game
creating /home/collab/tests/cocohrip/src/install/checkers_game/lib/python3.12/site-packages/checkers_game/assets
copying /home/collab/tests/cocohrip/src/build/checkers_game/build/lib/checkers_game/assets/crown.png -> /home/collab/tests/cocohrip/src/install/checkers_game/lib/python3.12/site-packages/checkers_game/assets
copying /home/collab/tests/cocohrip/src/build/checkers_game/build/lib/checkers_game/__init__.py -> /home/collab/tests/cocohrip/src/install/checkers_game/lib/python3.12/site-packages/checkers_game
byte-compiling /home/collab/tests/cocohrip/src/install/checkers_game/lib/python3.12/site-packages/checkers_game/camera/offline_grid_detect.py to offline_grid_detect.cpython-312.pyc
byte-compiling /home/collab/tests/cocohrip/src/install/checkers_game/lib/python3.12/site-packages/checkers_game/camera/combo.py to combo.cpython-312.pyc
byte-compiling /home/collab/tests/cocohrip/src/install/checkers_game/lib/python3.12/site-packages/checkers_game/camera/mark_ground_truth_corners.py to mark_ground_truth_corners.cpython-312.pyc
byte-compiling /home/collab/tests/cocohrip/src/install/checkers_game/lib/python3.12/site-packages/checkers_game/camera/ximea_camera.py to ximea_camera.cpython-312.pyc
byte-compiling /home/collab/tests/cocohrip/src/install/checkers_game/lib/python3.12/site-packages/checkers_game/camera/offline_pipeline_check.py to offline_pipeline_check.cpython-312.pyc
byte-compiling /home/collab/tests/cocohrip/src/install/checkers_game/lib/python3.12/site-packages/checkers_game/camera/board_detection_1.py to board_detection_1.cpython-312.pyc
byte-compiling /home/collab/tests/cocohrip/src/install/checkers_game/lib/python3.12/site-packages/checkers_game/camera/old_board_better.py to old_board_better.cpython-312.pyc
byte-compiling /home/collab/tests/cocohrip/src/install/checkers_game/lib/python3.12/site-packages/checkers_game/camera/calibrate_copy_thresholds_from_bd1.py to calibrate_copy_thresholds_from_bd1.cpython-312.pyc
byte-compiling /home/collab/tests/cocohrip/src/install/checkers_game/lib/python3.12/site-packages/checkers_game/camera/grid_corner_detector.py to grid_corner_detector.cpython-312.pyc
byte-compiling /home/collab/tests/cocohrip/src/install/checkers_game/lib/python3.12/site-packages/checkers_game/camera/evaluate_old_board_better_success.py to evaluate_old_board_better_success.cpython-312.pyc
byte-compiling /home/collab/tests/cocohrip/src/install/checkers_game/lib/python3.12/site-packages/checkers_game/camera/board_detection_copy.py to board_detection_copy.cpython-312.pyc
byte-compiling /home/collab/tests/cocohrip/src/install/checkers_game/lib/python3.12/site-packages/checkers_game/camera/old_board_better copy.py to old_board_better copy.cpython-312.pyc
byte-compiling /home/collab/tests/cocohrip/src/install/checkers_game/lib/python3.12/site-packages/checkers_game/camera/offline_old_board_better.py to offline_old_board_better.cpython-312.pyc
byte-compiling /home/collab/tests/cocohrip/src/install/checkers_game/lib/python3.12/site-packages/checkers_game/camera/evaluate_corner_accuracy.py to evaluate_corner_accuracy.cpython-312.pyc
byte-compiling /home/collab/tests/cocohrip/src/install/checkers_game/lib/python3.12/site-packages/checkers_game/camera/board_detection.py to board_detection.cpython-312.pyc
byte-compiling /home/collab/tests/cocohrip/src/install/checkers_game/lib/python3.12/site-packages/checkers_game/camera/offline_grid_detect_all_videos.py to offline_grid_detect_all_videos.cpython-312.pyc
byte-compiling /home/collab/tests/cocohrip/src/install/checkers_game/lib/python3.12/site-packages/checkers_game/camera/offline_compare_old_current.py to offline_compare_old_current.cpython-312.pyc
byte-compiling /home/collab/tests/cocohrip/src/install/checkers_game/lib/python3.12/site-packages/checkers_game/camera/__init__.py to __init__.cpython-312.pyc
byte-compiling /home/collab/tests/cocohrip/src/install/checkers_game/lib/python3.12/site-packages/checkers_game/camera/offline_compare_old_current_all_videos.py to offline_compare_old_current_all_videos.cpython-312.pyc
byte-compiling /home/collab/tests/cocohrip/src/install/checkers_game/lib/python3.12/site-packages/checkers_game/constants.py to constants.cpython-312.pyc
byte-compiling /home/collab/tests/cocohrip/src/install/checkers_game/lib/python3.12/site-packages/checkers_game/minimax/tournament.py to tournament.cpython-312.pyc
byte-compiling /home/collab/tests/cocohrip/src/install/checkers_game/lib/python3.12/site-packages/checkers_game/minimax/train_alphazero.py to train_alphazero.cpython-312.pyc
byte-compiling /home/collab/tests/cocohrip/src/install/checkers_game/lib/python3.12/site-packages/checkers_game/minimax/plot_tournament.py to plot_tournament.cpython-312.pyc
byte-compiling /home/collab/tests/cocohrip/src/install/checkers_game/lib/python3.12/site-packages/checkers_game/minimax/alphazero_mcts.py to alphazero_mcts.cpython-312.pyc
byte-compiling /home/collab/tests/cocohrip/src/install/checkers_game/lib/python3.12/site-packages/checkers_game/minimax/algorithm.py to algorithm.cpython-312.pyc
byte-compiling /home/collab/tests/cocohrip/src/install/checkers_game/lib/python3.12/site-packages/checkers_game/minimax/rl_algorithm.py to rl_algorithm.cpython-312.pyc
byte-compiling /home/collab/tests/cocohrip/src/install/checkers_game/lib/python3.12/site-packages/checkers_game/minimax/rl_model.py to rl_model.cpython-312.pyc
byte-compiling /home/collab/tests/cocohrip/src/install/checkers_game/lib/python3.12/site-packages/checkers_game/minimax/train_mixture.py to train_mixture.cpython-312.pyc
byte-compiling /home/collab/tests/cocohrip/src/install/checkers_game/lib/python3.12/site-packages/checkers_game/minimax/training.py to training.cpython-312.pyc
byte-compiling /home/collab/tests/cocohrip/src/install/checkers_game/lib/python3.12/site-packages/checkers_game/minimax/alphazero_model.py to alphazero_model.cpython-312.pyc
byte-compiling /home/collab/tests/cocohrip/src/install/checkers_game/lib/python3.12/site-packages/checkers_game/minimax/eval_vs_minimax.py to eval_vs_minimax.cpython-312.pyc
byte-compiling /home/collab/tests/cocohrip/src/install/checkers_game/lib/python3.12/site-packages/checkers_game/minimax/__init__.py to __init__.cpython-312.pyc
byte-compiling /home/collab/tests/cocohrip/src/install/checkers_game/lib/python3.12/site-packages/checkers_game/checkers_node.py to checkers_node.cpython-312.pyc
byte-compiling /home/collab/tests/cocohrip/src/install/checkers_game/lib/python3.12/site-packages/checkers_game/checkers/board.py to board.cpython-312.pyc
byte-compiling /home/collab/tests/cocohrip/src/install/checkers_game/lib/python3.12/site-packages/checkers_game/checkers/piece.py to piece.cpython-312.pyc
byte-compiling /home/collab/tests/cocohrip/src/install/checkers_game/lib/python3.12/site-packages/checkers_game/checkers/game.py to game.cpython-312.pyc
byte-compiling /home/collab/tests/cocohrip/src/install/checkers_game/lib/python3.12/site-packages/checkers_game/checkers/__init__.py to __init__.cpython-312.pyc
byte-compiling /home/collab/tests/cocohrip/src/install/checkers_game/lib/python3.12/site-packages/checkers_game/desktop_game.py to desktop_game.cpython-312.pyc
byte-compiling /home/collab/tests/cocohrip/src/install/checkers_game/lib/python3.12/site-packages/checkers_game/__init__.py to __init__.cpython-312.pyc
running install_data
creating /home/collab/tests/cocohrip/src/install/checkers_game/share/ament_index
creating /home/collab/tests/cocohrip/src/install/checkers_game/share/ament_index/resource_index
creating /home/collab/tests/cocohrip/src/install/checkers_game/share/ament_index/resource_index/packages
copying resource/checkers_game -> /home/collab/tests/cocohrip/src/install/checkers_game/share/ament_index/resource_index/packages
copying package.xml -> /home/collab/tests/cocohrip/src/install/checkers_game/share/checkers_game
creating /home/collab/tests/cocohrip/src/install/checkers_game/share/checkers_game/launch
copying launch/checkers_game_launch.launch.py -> /home/collab/tests/cocohrip/src/install/checkers_game/share/checkers_game/launch
running install_egg_info
Copying ../../build/checkers_game/checkers_game.egg-info to /home/collab/tests/cocohrip/src/install/checkers_game/lib/python3.12/site-packages/checkers_game-0.0.0-py3.12.egg-info
running install_scripts
Installing checkers_node script to /home/collab/tests/cocohrip/src/install/checkers_game/lib/checkers_game
writing list of installed files to '/home/collab/tests/cocohrip/src/build/checkers_game/install.log'
